// Jest Snapshot v1, https://goo.gl/fbAQLP

exports[`read me code 1`] = `
"/* eslint-disable */
/* generated by js-ts-code-generator. Do not edit! */

import * as a from \\"express\\";

/**
 * ミドルウェア
 * @param request リクエスト
 * @param response レスポンス
 */
export const middleware = (request: a.Request, response: a.Response): void => {
  const accept: string | undefined = request.headers.accept;
  if (accept !== undefined && accept.includes(\\"text/html\\")) {
    response.setHeader(\\"content-type\\", \\"text/html\\");
  }
};


"
`;
