// Jest Snapshot v1, https://goo.gl/fbAQLP

exports[`wasm test 1`] = `
Map {
  "ok28" => 28,
  "oneAddOne" => 2,
  "よん" => 4,
  "マイナス" => -99000,
}
`;
